// Jest Snapshot v1, https://goo.gl/fbAQLP

exports[`Table Table renders correctly 1`] = `ShallowWrapper {}`;
