// Jest Snapshot v1, https://goo.gl/fbAQLP

exports[`Nav Nav renders correctly 1`] = `ShallowWrapper {}`;
