// Jest Snapshot v1, https://goo.gl/fbAQLP

exports[`Home Home renders correctly 1`] = `ShallowWrapper {}`;
